// Jest Snapshot v1, https://goo.gl/fbAQLP

exports[`<Blog /> snapshot of html elements 1`] = `
<div>
  <li
    class="blog"
    style="padding-top: 10px; padding-left: 2px; border: solid; border-width: 1px; margin-bottom: 5px;"
  >
    <span>
      Component testing is done with react-testing-library
       
      Aris
    </span>
    <button>
      view
    </button>
  </li>
</div>
`;
